
> welcome-p0@0.1.0 drill:defect /Users/nikiti4/.openclaw-autoclaw/workspace/welcome
> node --env-file-if-exists=.env.local scripts/defect-drill.mjs

defect drill on commit bfc79c0a335bf943b12041543b4baa7c95ca71b2
{
  severity_local: 'NOTICE',
  severity: 'NOTICE',
  code: '00000',
  message: 'drop cascades to 33 other objects',
  detail: 'drop cascades to table schema_migrations\n' +
    'drop cascades to extension pgcrypto\n' +
    'drop cascades to table accounts\n' +
    'drop cascades to table profiles\n' +
    'drop cascades to table contact_fields\n' +
    'drop cascades to table organizers\n' +
    'drop cascades to table organizer_members\n' +
    'drop cascades to table events\n' +
    'drop cascades to table registrations\n' +
    'drop cascades to table event_memberships\n' +
    'drop cascades to table channel_bindings\n' +
    'drop cascades to table link_challenges\n' +
    'drop cascades to table consent_events\n' +
    'drop cascades to table introductions\n' +
    'drop cascades to table introduction_consents\n' +
    'drop cascades to table connection_notes\n' +
    'drop cascades to table campaigns\n' +
    'drop cascades to table inbox_events\n' +
    'drop cascades to table outbox_jobs\n' +
    'drop cascades to table delivery_attempts\n' +
    'drop cascades to table audit_events\n' +
    'drop cascades to table sessions\n' +
    'drop cascades to table auth_otp_codes\n' +
    'drop cascades to table worker_heartbeat\n' +
    'drop cascades to table blocks\n' +
    'drop cascades to table reports\n' +
    'drop cascades to table campaign_audience\n' +
    'drop cascades to table join_attempts\n' +
    'drop cascades to table otp_verify_failures\n' +
    'drop cascades to table mfa_credentials\n' +
    'drop cascades to table mfa_recovery_codes\n' +
    'drop cascades to table mfa_verify_failures\n' +
    'drop cascades to table enrichment_requests',
  file: 'dependency.c',
  line: '1227',
  routine: 'reportDependentObjects'
}
applied 001 001_init.sql
applied 002 002_phase2_events_matching.sql
applied 003 003_link_challenges_claim.sql
applied 004 004_outbox_campaigns.sql
applied 005 005_security_hardening.sql
applied 006 006_mfa_step_up.sql
applied 007 007_taxonomy_v3.sql
applied 008 008_profile_card_fields.sql
applied 009 009_introduction_consent_source.sql
step 1: defect injected into src/lib/public-profile.ts
step 1: gate run exit code = 1 (expected non-zero)
step 2: defect reverted from git
step 2: gate run exit code = 0 (expected 0)
step 3: no tracked residue outside the drill's own evidence outputs
step 3: summary written to evidence/DEFECT_DRILL.md
DRILL-OK
