== pnpm test:e2e exit=0 duration=71s ==
> welcome-p0@0.1.0 test:e2e /Users/nikiti4/.openclaw-autoclaw/workspace/welcome
> playwright test

{
  severity_local: 'NOTICE',
  severity: 'NOTICE',
  code: '00000',
  message: 'drop cascades to 33 other objects',
  detail: 'drop cascades to table schema_migrations\n' +
    'drop cascades to extension pgcrypto\n' +
    'drop cascades to table accounts\n' +
    'drop cascades to table profiles\n' +
    'drop cascades to table contact_fields\n' +
    'drop cascades to table organizers\n' +
    'drop cascades to table organizer_members\n' +
    'drop cascades to table events\n' +
    'drop cascades to table registrations\n' +
    'drop cascades to table event_memberships\n' +
    'drop cascades to table channel_bindings\n' +
    'drop cascades to table link_challenges\n' +
    'drop cascades to table consent_events\n' +
    'drop cascades to table introductions\n' +
    'drop cascades to table introduction_consents\n' +
    'drop cascades to table connection_notes\n' +
    'drop cascades to table campaigns\n' +
    'drop cascades to table inbox_events\n' +
    'drop cascades to table outbox_jobs\n' +
    'drop cascades to table delivery_attempts\n' +
    'drop cascades to table audit_events\n' +
    'drop cascades to table sessions\n' +
    'drop cascades to table auth_otp_codes\n' +
    'drop cascades to table worker_heartbeat\n' +
    'drop cascades to table blocks\n' +
    'drop cascades to table reports\n' +
    'drop cascades to table campaign_audience\n' +
    'drop cascades to table join_attempts\n' +
    'drop cascades to table otp_verify_failures\n' +
    'drop cascades to table mfa_credentials\n' +
    'drop cascades to table mfa_recovery_codes\n' +
    'drop cascades to table mfa_verify_failures\n' +
    'drop cascades to table enrichment_requests',
  file: 'dependency.c',
  line: '1227',
  routine: 'reportDependentObjects'
}

Running 26 tests using 1 worker

[a11y] /: 0 violation type(s) in total
[a11y] /login: 0 violation type(s) in total
[a11y] /legal/privacy: 0 violation type(s) in total
[a11y] /p/zI58-MtZW_twZ70XJXFt_Q: 0 violation type(s) in total
[a11y] /me/security: 0 violation type(s) in total
[a11y] /me/connections: 0 violation type(s) in total
  ✓   1 tests/e2e/a11y.spec.ts:74:5 › a11y: no serious or critical violations on the gated pages (6.2s)
  ✓   2 tests/e2e/badges.spec.ts:41:5 › badges: the sheet renders inline QRs and swaps to claim links on demand (2.4s)
  ✓   3 tests/e2e/connections.spec.ts:39:5 › connections: reachable from the profile nav, statuses and reasons render, setup expands (1.2s)
  ✓   4 tests/e2e/connections.spec.ts:86:5 › connections: signed-out visitors are sent to the sign-in page (444ms)
  ✓   5 tests/e2e/contact-import.spec.ts:49:5 › contacts import: a known address answers "already here" and links to the card (1.8s)
  ✓   6 tests/e2e/contact-import.spec.ts:104:5 › contacts import: a file with no addresses is refused in the user's own words (1.1s)
  ✓   7 tests/e2e/demo-login.spec.ts:23:5 › demo login enabled: the link appears and prefills the seeded demo account (398ms)
  ✓   8 tests/e2e/demo-login.spec.ts:48:5 › demo login disabled: no demo affordance is rendered (329ms)
  ✓   9 tests/e2e/goals.spec.ts:30:5 › goals: pick up to three in priority order, saved and restored, never on the card (1.5s)
  ✓  10 tests/e2e/interop.spec.ts:54:5 › interop: event page offers the .ics file and the Google template link (1.8s)
  ✓  11 tests/e2e/interop.spec.ts:136:5 › interop: public card offers vCard, an og:url and share deeplinks (1.6s)
  ✓  12 tests/e2e/landing.spec.ts:46:5 › landing (EN): all sections, heading order, honest CTAs and status (700ms)
  ✓  13 tests/e2e/landing.spec.ts:104:5 › landing (RU): translated sections, same anchors and no English fallback (602ms)
  ✓  14 tests/e2e/landing.spec.ts:133:5 › landing: no horizontal overflow at 360px in EN and RU (1.1s)
  ✓  15 tests/e2e/landing.spec.ts:148:5 › landing: evidence screenshots (desktop 1280 + mobile 360, EN and RU) (2.3s)
  ✓  16 tests/e2e/matching-modes.spec.ts:109:5 › matching v4: the four modes show different people, each with two lines of reasons (3.0s)
  ✓  17 tests/e2e/onboarding-landing.spec.ts:41:5 › onboarding (3 questions) → mini-landing is public, localized and free of private data (3.1s)
  ✓  18 tests/e2e/onboarding-landing.spec.ts:159:5 › the onboarding draft survives a reload and /me/profile edits the axes (1.9s)
  ✓  19 tests/e2e/organizer-campaign-segment.spec.ts:34:5 › campaign segment: picker renders, selection is saved and the preview sizes it (3.4s)
  ✓  20 tests/e2e/organizer-funnel.spec.ts:35:5 › organizer funnel: shows counted steps, conversion shares and the daily chart (2.0s)
  ✓  21 tests/e2e/organizer-import-mapping.spec.ts:40:5 › organizer import: mapping a column by hand recalculates the counters (1.7s)
  ✓  22 tests/e2e/organizer-import-mapping.spec.ts:99:5 › organizer import: a duplicate mapping is refused with a readable error (1.1s)
  ✓  23 tests/e2e/sessions.spec.ts:33:5 › sessions: the device list shows both sessions and revoking one ends it (2.2s)
  ✓  24 tests/e2e/smoke.spec.ts:68:7 › WELCOME P0 smoke › landing, OTP login, profile, public card, event directory, mutual intro reveal (15.2s)
  ✓  25 tests/e2e/smoke.spec.ts:198:7 › WELCOME P0 smoke › ?lang= switches the landing language and is remembered (R1) (1.7s)
  ✓  26 tests/e2e/smoke.spec.ts:224:7 › WELCOME P0 smoke › security headers on /, /login and legal pages (F-04, F-15) (1.0s)

  26 passed (1.2m)
applied 001 001_init.sql
applied 002 002_phase2_events_matching.sql
applied 003 003_link_challenges_claim.sql
applied 004 004_outbox_campaigns.sql
applied 005 005_security_hardening.sql
applied 006 006_mfa_step_up.sql
applied 007 007_taxonomy_v3.sql
applied 008 008_profile_card_fields.sql
applied 009 009_introduction_consent_source.sql
applied 010 010_session_last_seen.sql
applied 011 011_profile_goals.sql
[WebServer] ⨯ Error: The destination stream closed early.
[WebServer]     at ignore-listed frames {
[WebServer]   digest: '2891471267'
[WebServer] }
[WebServer] ⨯ Error: The destination stream closed early.
[WebServer]     at ignore-listed frames {
[WebServer]   digest: '2891471267'
[WebServer] }
[WebServer] ⨯ Error: The destination stream closed early.
[WebServer]     at ignore-listed frames {
[WebServer]   digest: '2891471267'
[WebServer] }
[WebServer] ⨯ Error: The destination stream closed early.
[WebServer]     at ignore-listed frames {
[WebServer]   digest: '2891471267'
[WebServer] }
[WebServer] ⨯ Error: The destination stream closed early.
[WebServer]     at ignore-listed frames {
[WebServer]   digest: '2891471267'
[WebServer] }


