# defect drill — FAIL expected (defect injected)
# commit: 38eb4f6834808cdcddb75d782232c60c6b5e9403
# exit code: 1

✖ public API returns ONLY the public projection (disabled contact and private data absent) (83.286084ms)
ℹ tests 1
ℹ suites 0
ℹ pass 0
ℹ fail 1
ℹ cancelled 0
ℹ skipped 0
ℹ todo 0
ℹ duration_ms 583.767583

✖ failing tests:

test at tests/integration/profile.test.ts:7:297
✖ public API returns ONLY the public projection (disabled contact and private data absent) (83.286084ms)
  AssertionError [ERR_ASSERTION]: disabled contact value must not appear
      at TestContext.<anonymous> (/Users/nikiti4/.openclaw-autoclaw/workspace/welcome/tests/integration/profile.test.ts:192:10)
      at process.processTicksAndRejections (node:internal/process/task_queues:104:5)
      at async Test.run (node:internal/test_runner/test:1125:7)
      at async startSubtestAfterBootstrap (node:internal/test_runner/harness:358:3) {
    generatedMessage: false,
    code: 'ERR_ASSERTION',
    actual: false,
    expected: true,
    operator: '==',
    diff: 'simple'
  }
